// Jest Snapshot v1, https://goo.gl/fbAQLP

exports[`IconGRPC matches snapshot 1`] = `<IconMock />`;
