// Jest Snapshot v1, https://goo.gl/fbAQLP

exports[`IconFileDownload matches snapshot 1`] = `<IconMock />`;
