// Jest Snapshot v1, https://goo.gl/fbAQLP

exports[`IconClassConfidential matches snapshot 1`] = `<IconMock />`;
