// Jest Snapshot v1, https://goo.gl/fbAQLP

exports[`IconUnlock matches snapshot 1`] = `<IconMock />`;
