// Jest Snapshot v1, https://goo.gl/fbAQLP

exports[`IconStateWarning matches snapshot 1`] = `<IconMock />`;
