// Jest Snapshot v1, https://goo.gl/fbAQLP

exports[`IconEntity matches snapshot 1`] = `<IconMock />`;
