// Jest Snapshot v1, https://goo.gl/fbAQLP

exports[`IconExplorer matches snapshot 1`] = `<IconMock />`;
