// Jest Snapshot v1, https://goo.gl/fbAQLP

exports[`IconMinus matches snapshot 1`] = `<IconMock />`;
