// Jest Snapshot v1, https://goo.gl/fbAQLP

exports[`IconCheck matches snapshot 1`] = `<IconMock />`;
