// Jest Snapshot v1, https://goo.gl/fbAQLP

exports[`IconPlus matches snapshot 1`] = `<IconMock />`;
