// Jest Snapshot v1, https://goo.gl/fbAQLP

exports[`IconArrowDown matches snapshot 1`] = `
<Icon
  backgroundColor="currentColor"
  backgroundOpacity={1}
  backgroundSizeRatio={1}
  borderColor="currentColor"
  borderOpacity={1}
  borderWidth={1}
  glyph=""
  glyphColor="currentColor"
  glyphName="ArrowDown"
  glyphSizeRatio={1}
>
  <polygon
    id="ArrowDown"
    points="9.49999999 8.49999999 14.5 12.5 9.49999999 16.5"
    transform="translate(12.000000, 12.500000) rotate(90.000000) translate(-12.000000, -12.500000)"
  />
</Icon>
`;
