// Jest Snapshot v1, https://goo.gl/fbAQLP

exports[`IconTwitter matches snapshot 1`] = `<IconMock />`;
