// Jest Snapshot v1, https://goo.gl/fbAQLP

exports[`IconUserGroup matches snapshot 1`] = `<IconMock />`;
