// Jest Snapshot v1, https://goo.gl/fbAQLP

exports[`IconStack matches snapshot 1`] = `<IconMock />`;
