// Jest Snapshot v1, https://goo.gl/fbAQLP

exports[`IconCollapse matches snapshot 1`] = `<IconMock />`;
