// Jest Snapshot v1, https://goo.gl/fbAQLP

exports[`IconPower matches snapshot 1`] = `<IconMock />`;
