// Jest Snapshot v1, https://goo.gl/fbAQLP

exports[`IconFileVideo matches snapshot 1`] = `<IconMock />`;
