// Jest Snapshot v1, https://goo.gl/fbAQLP

exports[`IconCommentAdd matches snapshot 1`] = `<IconMock />`;
