// Jest Snapshot v1, https://goo.gl/fbAQLP

exports[`Instances matches snapshot 1`] = `
ShallowWrapper {
  "length": 1,
  Symbol(enzyme.__root__): [Circular],
  Symbol(enzyme.__unrendered__): <Instances />,
  Symbol(enzyme.__renderer__): Object {
    "batchedUpdates": [Function],
    "getNode": [Function],
    "render": [Function],
    "simulateEvent": [Function],
    "unmount": [Function],
  },
  Symbol(enzyme.__node__): Object {
    "instance": null,
    "key": undefined,
    "nodeType": "function",
    "props": Object {
      "ariaLabelledby": "ariaLabelledby",
      "backgroundColor": "currentColor",
      "backgroundOpacity": 1,
      "backgroundSizeRatio": 1,
      "borderColor": "currentColor",
      "borderOpacity": 1,
      "borderWidth": 1,
      "children": <path
        d="M6.72727273,8.45454545 C5.22104159,8.45454545 4,7.23350386 4,5.72727273 C4,4.22104159 5.22104159,3 6.72727273,3 C8.23350386,3 9.45454545,4.22104159 9.45454545,5.72727273 C9.45454545,7.23350386 8.23350386,8.45454545 6.72727273,8.45454545 Z M11.0606061,13.4545455 C9.55437492,13.4545455 8.33333333,12.2335039 8.33333333,10.7272727 C8.33333333,9.22104159 9.55437492,8 11.0606061,8 C12.5668372,8 13.7878788,9.22104159 13.7878788,10.7272727 C13.7878788,12.2335039 12.5668372,13.4545455 11.0606061,13.4545455 Z M15.3939394,18.4545455 C13.8877083,18.4545455 12.6666667,17.2335039 12.6666667,15.7272727 C12.6666667,14.2210416 13.8877083,13 15.3939394,13 C16.9001705,13 18.1212121,14.2210416 18.1212121,15.7272727 C18.1212121,17.2335039 16.9001705,18.4545455 15.3939394,18.4545455 Z M19.7272727,23.4545455 C18.2210416,23.4545455 17,22.2335039 17,20.7272727 C17,19.2210416 18.2210416,18 19.7272727,18 C21.2335039,18 22.4545455,19.2210416 22.4545455,20.7272727 C22.4545455,22.2335039 21.2335039,23.4545455 19.7272727,23.4545455 Z"
        id="Combined-Shape"
/>,
      "glyph": "",
      "glyphColor": "currentColor",
      "glyphSizeRatio": 1,
    },
    "ref": null,
    "rendered": Object {
      "instance": null,
      "key": undefined,
      "nodeType": "host",
      "props": Object {
        "d": "M6.72727273,8.45454545 C5.22104159,8.45454545 4,7.23350386 4,5.72727273 C4,4.22104159 5.22104159,3 6.72727273,3 C8.23350386,3 9.45454545,4.22104159 9.45454545,5.72727273 C9.45454545,7.23350386 8.23350386,8.45454545 6.72727273,8.45454545 Z M11.0606061,13.4545455 C9.55437492,13.4545455 8.33333333,12.2335039 8.33333333,10.7272727 C8.33333333,9.22104159 9.55437492,8 11.0606061,8 C12.5668372,8 13.7878788,9.22104159 13.7878788,10.7272727 C13.7878788,12.2335039 12.5668372,13.4545455 11.0606061,13.4545455 Z M15.3939394,18.4545455 C13.8877083,18.4545455 12.6666667,17.2335039 12.6666667,15.7272727 C12.6666667,14.2210416 13.8877083,13 15.3939394,13 C16.9001705,13 18.1212121,14.2210416 18.1212121,15.7272727 C18.1212121,17.2335039 16.9001705,18.4545455 15.3939394,18.4545455 Z M19.7272727,23.4545455 C18.2210416,23.4545455 17,22.2335039 17,20.7272727 C17,19.2210416 18.2210416,18 19.7272727,18 C21.2335039,18 22.4545455,19.2210416 22.4545455,20.7272727 C22.4545455,22.2335039 21.2335039,23.4545455 19.7272727,23.4545455 Z",
        "id": "Combined-Shape",
      },
      "ref": null,
      "rendered": null,
      "type": "path",
    },
    "type": [Function],
  },
  Symbol(enzyme.__nodes__): Array [
    Object {
      "instance": null,
      "key": undefined,
      "nodeType": "function",
      "props": Object {
        "ariaLabelledby": "ariaLabelledby",
        "backgroundColor": "currentColor",
        "backgroundOpacity": 1,
        "backgroundSizeRatio": 1,
        "borderColor": "currentColor",
        "borderOpacity": 1,
        "borderWidth": 1,
        "children": <path
          d="M6.72727273,8.45454545 C5.22104159,8.45454545 4,7.23350386 4,5.72727273 C4,4.22104159 5.22104159,3 6.72727273,3 C8.23350386,3 9.45454545,4.22104159 9.45454545,5.72727273 C9.45454545,7.23350386 8.23350386,8.45454545 6.72727273,8.45454545 Z M11.0606061,13.4545455 C9.55437492,13.4545455 8.33333333,12.2335039 8.33333333,10.7272727 C8.33333333,9.22104159 9.55437492,8 11.0606061,8 C12.5668372,8 13.7878788,9.22104159 13.7878788,10.7272727 C13.7878788,12.2335039 12.5668372,13.4545455 11.0606061,13.4545455 Z M15.3939394,18.4545455 C13.8877083,18.4545455 12.6666667,17.2335039 12.6666667,15.7272727 C12.6666667,14.2210416 13.8877083,13 15.3939394,13 C16.9001705,13 18.1212121,14.2210416 18.1212121,15.7272727 C18.1212121,17.2335039 16.9001705,18.4545455 15.3939394,18.4545455 Z M19.7272727,23.4545455 C18.2210416,23.4545455 17,22.2335039 17,20.7272727 C17,19.2210416 18.2210416,18 19.7272727,18 C21.2335039,18 22.4545455,19.2210416 22.4545455,20.7272727 C22.4545455,22.2335039 21.2335039,23.4545455 19.7272727,23.4545455 Z"
          id="Combined-Shape"
/>,
        "glyph": "",
        "glyphColor": "currentColor",
        "glyphSizeRatio": 1,
      },
      "ref": null,
      "rendered": Object {
        "instance": null,
        "key": undefined,
        "nodeType": "host",
        "props": Object {
          "d": "M6.72727273,8.45454545 C5.22104159,8.45454545 4,7.23350386 4,5.72727273 C4,4.22104159 5.22104159,3 6.72727273,3 C8.23350386,3 9.45454545,4.22104159 9.45454545,5.72727273 C9.45454545,7.23350386 8.23350386,8.45454545 6.72727273,8.45454545 Z M11.0606061,13.4545455 C9.55437492,13.4545455 8.33333333,12.2335039 8.33333333,10.7272727 C8.33333333,9.22104159 9.55437492,8 11.0606061,8 C12.5668372,8 13.7878788,9.22104159 13.7878788,10.7272727 C13.7878788,12.2335039 12.5668372,13.4545455 11.0606061,13.4545455 Z M15.3939394,18.4545455 C13.8877083,18.4545455 12.6666667,17.2335039 12.6666667,15.7272727 C12.6666667,14.2210416 13.8877083,13 15.3939394,13 C16.9001705,13 18.1212121,14.2210416 18.1212121,15.7272727 C18.1212121,17.2335039 16.9001705,18.4545455 15.3939394,18.4545455 Z M19.7272727,23.4545455 C18.2210416,23.4545455 17,22.2335039 17,20.7272727 C17,19.2210416 18.2210416,18 19.7272727,18 C21.2335039,18 22.4545455,19.2210416 22.4545455,20.7272727 C22.4545455,22.2335039 21.2335039,23.4545455 19.7272727,23.4545455 Z",
          "id": "Combined-Shape",
        },
        "ref": null,
        "rendered": null,
        "type": "path",
      },
      "type": [Function],
    },
  ],
  Symbol(enzyme.__options__): Object {
    "adapter": ReactSixteenAdapter {
      "options": Object {
        "enableComponentDidUpdateOnSetState": true,
      },
    },
  },
}
`;
