// Jest Snapshot v1, https://goo.gl/fbAQLP

exports[`StyledG matches snapshot 1`] = `
.c0 {
  -webkit-transform: scale();
  -ms-transform: scale();
  transform: scale();
}

<g
  className="c0"
  fill="currentColor"
/>
`;
