// Jest Snapshot v1, https://goo.gl/fbAQLP

exports[`BackgroundSquareRounded matches snapshot 1`] = `
<g
  fillRule="evenodd"
>
  <rect
    height="24"
    id="Rectangle"
    rx="4"
    width="24"
    x="0"
    y="0"
  />
</g>
`;
