// Jest Snapshot v1, https://goo.gl/fbAQLP

exports[`Card matches snapshot 1`] = `
<path
  d="M7,4 L17,4 C18.1045695,4 19,4.8954305 19,6 L19,17 L19,17 C19,18.1045695 18.1045695,19 17,19 L7,19 L7,19 C5.8954305,19 5,18.1045695 5,17 L5,6 L5,6 C5,4.8954305 5.8954305,4 7,4 L7,4 Z M10.5,16 L16.5,16 C16.7761424,16 17,16.2238576 17,16.5 C17,16.7761424 16.7761424,17 16.5,17 L10.5,17 C10.2238576,17 10,16.7761424 10,16.5 C10,16.2238576 10.2238576,16 10.5,16 Z M7.5,10 L14.5,10 C14.7761424,10 15,10.2238576 15,10.5 C15,10.7761424 14.7761424,11 14.5,11 L7.5,11 C7.22385763,11 7,10.7761424 7,10.5 C7,10.2238576 7.22385763,10 7.5,10 Z M7.5,12 L10.5,12 C10.7761424,12 11,12.2238576 11,12.5 C11,12.7761424 10.7761424,13 10.5,13 L7.5,13 C7.22385763,13 7,12.7761424 7,12.5 C7,12.2238576 7.22385763,12 7.5,12 Z M8,6 L16,6 C16.5522847,6 17,6.44771525 17,7 L17,8 C17,8.55228475 16.5522847,9 16,9 L8,9 C7.44771525,9 7,8.55228475 7,8 L7,7 C7,6.44771525 7.44771525,6 8,6 Z M7,5 L7,5 C6.44771525,5 6,5.44771525 6,6 L6,17 C6,17.5522847 6.44771525,18 7,18 L17,18 C17.5522847,18 18,17.5522847 18,17 L18,6 C18,5.44771525 17.5522847,5 17,5 L7,5 Z"
  id="path-1"
/>
`;
