// Jest Snapshot v1, https://goo.gl/fbAQLP

exports[`Rows matches snapshot 1`] = `
<path
  d="M6.5,14 C5.67157288,14 5,13.3284271 5,12.5 C5,11.6715729 5.67157288,11 6.5,11 C7.32842712,11 8,11.6715729 8,12.5 C8,13.3284271 7.32842712,14 6.5,14 Z M12.5,14 C11.6715729,14 11,13.3284271 11,12.5 C11,11.6715729 11.6715729,11 12.5,11 C13.3284271,11 14,11.6715729 14,12.5 C14,13.3284271 13.3284271,14 12.5,14 Z M18.5,14 C17.6715729,14 17,13.3284271 17,12.5 C17,11.6715729 17.6715729,11 18.5,11 C19.3284271,11 20,11.6715729 20,12.5 C20,13.3284271 19.3284271,14 18.5,14 Z M5,7 L20,7 C20.5522847,7 21,7.44771525 21,8 L21,8 C21,8.55228475 20.5522847,9 20,9 L5,9 C4.44771525,9 4,8.55228475 4,8 L4,8 L4,8 C4,7.44771525 4.44771525,7 5,7 L5,7 Z M5,16 L20,16 C20.5522847,16 21,16.4477153 21,17 C21,17.5522847 20.5522847,18 20,18 L5,18 C4.44771525,18 4,17.5522847 4,17 C4,16.4477153 4.44771525,16 5,16 L5,16 Z"
  id="Combined-Shape"
/>
`;
