// Jest Snapshot v1, https://goo.gl/fbAQLP

exports[`NavCardWrapper matches snapshot 1`] = `
.c0 {
  background-color: #252525;
  font-family: -apple-system,BlinkMacSystemFont,"Segoe UI","Roboto","Oxygen","Ubuntu","Cantarell","Fira Sans","Droid Sans","Helvetica Neue",sans-serif;
  -webkit-flex: 1 1 1%;
  -ms-flex: 1 1 1%;
  flex: 1 1 1%;
  border-radius: 4px;
  min-height: 64px;
  position: relative;
  -webkit-transition: all 0.15s ease;
  transition: all 0.15s ease;
  display: -webkit-box;
  display: -webkit-flex;
  display: -ms-flexbox;
  display: flex;
  -webkit-flex-direction: column;
  -ms-flex-direction: column;
  flex-direction: column;
  -webkit-align-items: stretch;
  -webkit-box-align: stretch;
  -ms-flex-align: stretch;
  align-items: stretch;
  min-height: 80px;
  margin: 2px;
}

.c0:after {
  content: "";
  position: absolute;
  top: 0;
  right: 0;
  bottom: 0;
  left: 0;
  border-radius: 4px;
  border: 2px solid #0aab2a;
  opacity: 0;
}

.c0:focus,
.c0:hover {
  background-color: #161616;
}

<div
  className="c0"
/>
`;
