// Jest Snapshot v1, https://goo.gl/fbAQLP

exports[`ReadoutDisplay matches snapshot when primary is false 1`] = `
.c0 {
  color: rgb(51,51,51);
  display: -webkit-box;
  display: -webkit-flex;
  display: -ms-flexbox;
  display: flex;
  -webkit-flex: 1 1 auto;
  -ms-flex: 1 1 auto;
  flex: 1 1 auto;
  -webkit-flex-direction: column;
  -ms-flex-direction: column;
  flex-direction: column;
  -webkit-align-items: stretch;
  -webkit-box-align: stretch;
  -ms-flex-align: stretch;
  align-items: stretch;
  -webkit-box-pack: center;
  -webkit-justify-content: center;
  -ms-flex-pack: center;
  justify-content: center;
  border-radius: 3px;
  margin: 0 8px 8px 0;
  position: relative;
  overflow: hidden;
}

.c0:before {
  content: "";
  opacity: 0.2;
  position: absolute;
  top: 0;
  right: 0;
  bottom: 0;
  left: 0;
  z-index: 0;
}

.c0:after {
  content: "";
  position: absolute;
  bottom: 0;
  left: 0;
  right: 0;
  border-bottom: 3px solid;
}

.c0:first-child:last-child {
  -webkit-flex-grow: 0;
  -ms-flex-grow: 0;
  flex-grow: 0;
}

<div
  className="c0"
/>
`;

exports[`ReadoutDisplay matches snapshot when primary is true 1`] = `
.c0 {
  color: rgb(51,51,51);
  display: -webkit-box;
  display: -webkit-flex;
  display: -ms-flexbox;
  display: flex;
  -webkit-flex: 1 1 auto;
  -ms-flex: 1 1 auto;
  flex: 1 1 auto;
  -webkit-flex-direction: column;
  -ms-flex-direction: column;
  flex-direction: column;
  -webkit-align-items: stretch;
  -webkit-box-align: stretch;
  -ms-flex-align: stretch;
  align-items: stretch;
  -webkit-box-pack: center;
  -webkit-justify-content: center;
  -ms-flex-pack: center;
  justify-content: center;
  border-radius: 3px;
  margin: 0 8px 8px 0;
  position: relative;
  overflow: hidden;
}

.c0:before {
  content: "";
  opacity: 0.2;
  position: absolute;
  top: 0;
  right: 0;
  bottom: 0;
  left: 0;
  z-index: 0;
}

.c0:after {
  content: "";
  position: absolute;
  bottom: 0;
  left: 0;
  right: 0;
  border-bottom: 3px solid;
}

.c0:first-child:last-child {
  -webkit-flex-grow: 0;
  -ms-flex-grow: 0;
  flex-grow: 0;
}

.c0:before {
  opacity: 0.3;
}

<div
  className="c0"
/>
`;
