// Jest Snapshot v1, https://goo.gl/fbAQLP

exports[`HeaderToolbarWrapper matches snapshot 1`] = `
.c0 {
  background-image: linear-gradient(to top,transparent,#000);
  background-color: transparent;
  color: #fff;
  -webkit-flex: 0 0 32px;
  -ms-flex: 0 0 32px;
  flex: 0 0 32px;
  font-size: 14px;
  padding: 0 16px;
  -webkit-align-items: center;
  -webkit-box-align: center;
  -ms-flex-align: center;
  align-items: center;
  display: -webkit-box;
  display: -webkit-flex;
  display: -ms-flexbox;
  display: flex;
  -webkit-flex-wrap: nowrap;
  -ms-flex-wrap: nowrap;
  flex-wrap: nowrap;
  background-size: 100% 100%;
  background-repeat: no-repeat;
}

<nav
  className="c0"
/>
`;
