// Jest Snapshot v1, https://goo.gl/fbAQLP

exports[`ReadoutItemTitle matches snapshot 1`] = `
.c0 {
  margin: 0;
  padding: 0;
  min-height: 1em;
  display: inline-block;
}

<h2
  className="c0"
/>
`;
