// Jest Snapshot v1, https://goo.gl/fbAQLP

exports[`InputText matches snapshot 1`] = `
<InputWrap>
  <InputLabelText>
    Test
  </InputLabelText>
  <InputField
    clickAction={[Function]}
    type="text"
  />
</InputWrap>
`;
